// Jest Snapshot v1, https://goo.gl/fbAQLP

exports[`<Text /> should render a <span> tag 1`] = `
.c0 {
  font-family: sans-serif;
}

<div>
  <span
    class="c0"
  >
    Hello World
  </span>
</div>
`;
